<?xml version="1.0" encoding="utf-8"?><testsuites name="pytest tests"><testsuite name="pytest" errors="0" failures="0" skipped="0" tests="30" time="3.076" timestamp="2025-12-01T12:26:27.308522+07:00" hostname="LAPTOP-K94EH99N"><testcase classname="api.juragan_material.tests.test_logging_utils.TestSanitizeLogInput" name="test_sanitize_empty_string" time="2.348" /><testcase classname="api.juragan_material.tests.test_logging_utils.TestSanitizeLogInput" name="test_sanitize_log_injection_attempt" time="0.003" /><testcase classname="api.juragan_material.tests.test_logging_utils.TestSanitizeLogInput" name="test_sanitize_non_string_returns_unchanged" time="0.004" /><testcase classname="api.juragan_material.tests.test_logging_utils.TestSanitizeLogInput" name="test_sanitize_string_with_both_newlines_and_carriage_returns" time="0.003" /><testcase classname="api.juragan_material.tests.test_logging_utils.TestSanitizeLogInput" name="test_sanitize_string_with_carriage_returns" time="0.003" /><testcase classname="api.juragan_material.tests.test_logging_utils.TestSanitizeLogInput" name="test_sanitize_string_with_newlines" time="0.003" /><testcase classname="api.juragan_material.tests.test_logging_utils.TestJuraganMaterialLogger" name="test_log_method_calls_base_logger" time="0.004" /><testcase classname="api.juragan_material.tests.test_logging_utils.TestJuraganMaterialLogger" name="test_log_preserves_extra_context" time="0.003" /><testcase classname="api.juragan_material.tests.test_logging_utils.TestJuraganMaterialLogger" name="test_log_respects_log_level" time="0.003" /><testcase classname="api.juragan_material.tests.test_logging_utils.TestJuraganMaterialLogger" name="test_log_sanitizes_format_arguments" time="0.003" /><testcase classname="api.juragan_material.tests.test_logging_utils.TestJuraganMaterialLogger" name="test_log_sanitizes_message_argument" time="0.003" /><testcase classname="api.juragan_material.tests.test_logging_utils.TestJuraganMaterialLogger" name="test_log_with_multiple_format_arguments" time="0.002" /><testcase classname="api.juragan_material.tests.test_logging_utils.TestJuraganMaterialLogger" name="test_logger_initialization" time="0.003" /><testcase classname="api.juragan_material.tests.test_logging_utils.TestJuraganMaterialLogger" name="test_logger_initialization_with_extra" time="0.003" /><testcase classname="api.juragan_material.tests.test_logging_utils.TestJuraganMaterialLogger" name="test_logger_uses_correct_namespace" time="0.003" /><testcase classname="api.juragan_material.tests.test_logging_utils.TestJuraganMaterialLogger" name="test_process_adds_component_prefix" time="0.003" /><testcase classname="api.juragan_material.tests.test_logging_utils.TestJuraganMaterialLogger" name="test_process_adds_operation_prefix" time="0.003" /><testcase classname="api.juragan_material.tests.test_logging_utils.TestJuraganMaterialLogger" name="test_process_sanitizes_component" time="0.003" /><testcase classname="api.juragan_material.tests.test_logging_utils.TestJuraganMaterialLogger" name="test_process_sanitizes_message" time="0.002" /><testcase classname="api.juragan_material.tests.test_logging_utils.TestJuraganMaterialLogger" name="test_process_sanitizes_operation" time="0.002" /><testcase classname="api.juragan_material.tests.test_logging_utils.TestGetJuraganMaterialLogger" name="test_factory_accepts_extra_context" time="0.003" /><testcase classname="api.juragan_material.tests.test_logging_utils.TestGetJuraganMaterialLogger" name="test_factory_creates_different_loggers" time="0.003" /><testcase classname="api.juragan_material.tests.test_logging_utils.TestGetJuraganMaterialLogger" name="test_factory_sets_component" time="0.003" /><testcase classname="api.juragan_material.tests.test_logging_utils.TestGetJuraganMaterialLogger" name="test_returns_juragan_material_logger_instance" time="0.003" /><testcase classname="api.juragan_material.tests.test_logging_utils.TestLoggerIntegration" name="test_debug_logging_is_not_shown_by_default" time="0.005" /><testcase classname="api.juragan_material.tests.test_logging_utils.TestLoggerIntegration" name="test_error_logging_with_exception_info" time="0.005" /><testcase classname="api.juragan_material.tests.test_logging_utils.TestLoggerIntegration" name="test_info_logging_with_format" time="0.002" /><testcase classname="api.juragan_material.tests.test_logging_utils.TestLoggerIntegration" name="test_log_injection_prevention_integration" time="0.002" /><testcase classname="api.juragan_material.tests.test_logging_utils.TestLoggerIntegration" name="test_multiple_loggers_different_components" time="0.004" /><testcase classname="api.juragan_material.tests.test_logging_utils.TestLoggerIntegration" name="test_warning_logging_with_operation" time="0.144" /></testsuite></testsuites>